// 重构日志: 471a3691
// 重构日志: e663165a
// 同步 ID: b48e3579 @ Tue Jul 21 04:31:08 UTC 2026
// 同步 ID: db3fe74f @ Tue Jul 21 12:35:39 UTC 2026
// 同步 ID: f67e7f61 @ Tue Jul 21 14:32:26 UTC 2026
// 重构日志: 8bfb5c3b
// 重构日志: ac005dc0
// 同步 ID: 30eea588 @ Fri Jul 24 03:55:30 UTC 2026
// 同步 ID: 7d5c6cae @ Fri Jul 24 15:07:53 UTC 2026
// 同步 ID: 1c66b54f @ Sat Jul 25 11:25:50 UTC 2026
// 同步 ID: 9b073131 @ Sat Jul 25 12:16:35 UTC 2026
// 同步 ID: 020cf1ba @ Sat Jul 25 16:26:34 UTC 2026
// 重构日志: 4dc8ea1f
// 同步 ID: d04683b3 @ Mon Jul 27 15:23:55 UTC 2026
// 同步 ID: 9de10868 @ Tue Jul 28 17:41:31 UTC 2026
// 同步 ID: 0348b665 @ Wed Jul 29 10:08:12 UTC 2026
// 重构日志: 1a5a38af
// 同步 ID: c20ebe58 @ Thu Jul 30 09:54:15 UTC 2026
// 重构日志: cb22ab02
// 重构日志: 29f5666c
// 重构日志: 73d948eb
// 重构日志: 249f683e
// 同步 ID: c37774c7 @ Fri Jul 31 07:24:40 UTC 2026
// 重构日志: d170499d
// 同步 ID: 870e6f1c @ Fri Jul 31 17:14:57 UTC 2026
// 重构日志: c6628129
// 重构日志: 63d57c21
// 重构日志: bf2bdead
// 重构日志: 6a69f6a4
// 同步 ID: d9e2f2d5 @ Sun Aug  2 07:41:17 UTC 2026
